
> tsuko@0.1.0 build
> next build

Ôû▓ Next.js 16.1.1 (Turbopack)
- Environments: .env

node.exe : ÔÜá The "middleware" file convention is deprecated.
 Please use "proxy" instead. Learn more: https://nextjs.org/do
cs/messages/middleware-to-proxy
At line:1 char:1
+ & "C:\Program Files\nodejs/node.exe" "C:\Program Files\nodej
s/node_mo ...
+ ~~~~~~~~~~~~~~~~~~~~~~~~~~~~~~~~~~~~~~~~~~~~~~~~~~~~~~~~~~~~
~~~~~~~~~
    + CategoryInfo          : NotSpecified: (ÔÜá The "middle. 
   ..leware-to-proxy:String) [], RemoteException
    + FullyQualifiedErrorId : NativeCommandError
 
  Creating an optimized production build ...
Ô£ô Compiled successfully in 31.3s
  Skipping validation of types
  Collecting page data using 11 workers ...
prisma:query BEGIN
prisma:query BEGIN
prisma:query DEALLOCATE ALL
prisma:query DEALLOCATE ALL
prisma:query SELECT "public"."Category"."id", "public"."Category"."slug" FROM "public"."Category" WHERE 1=1 OFFSET $1
prisma:query SELECT "public"."Product"."id", "public"."Product"."slug" FROM "public"."Product" WHERE "public"."Product"."isActive" = $1 OFFSET $2
prisma:query COMMIT
prisma:query COMMIT
  Generating static pages using 11 workers (0/50) ...
prisma:query BEGIN
prisma:query BEGIN
prisma:query DEALLOCATE ALL
prisma:query DEALLOCATE ALL
prisma:query SELECT "public"."Settings"."id", "public"."Settings"."siteName", "public"."Settings"."siteDescription", "public"."Settings"."siteUrl", "public"."Settings"."seoKeywords", "public"."Settings"."email", "public"."Settings"."phone", "public"."Settings"."whatsapp", "public"."Settings"."address", "public"."Settings"."instagram", "public"."Settings"."pinterest", "public"."Settings"."shopierUrl", "public"."Settings"."freeShippingThreshold", "public"."Settings"."orderNotifications", "public"."Settings"."stockAlerts", "public"."Settings"."newsletterNotifications", "public"."Settings"."maintenanceMode", "public"."Settings"."updatedAt" FROM "public"."Settings" WHERE ("public"."Settings"."id" = $1 AND 1=1) LIMIT $2 OFFSET $3
prisma:query SELECT "public"."Category"."id", "public"."Category"."name", "public"."Category"."slug", "public"."Category"."description", "public"."Category"."parentId" FROM "public"."Category" WHERE ("public"."Category"."slug" = $1 AND 1=1) LIMIT $2 OFFSET $3
prisma:query COMMIT
prisma:query COMMIT
prisma:query BEGIN
prisma:query DEALLOCATE ALL
prisma:query BEGIN
prisma:query SELECT "public"."Settings"."id", "public"."Settings"."siteName", "public"."Settings"."siteDescription", "public"."Settings"."siteUrl", "public"."Settings"."seoKeywords", "public"."Settings"."email", "public"."Settings"."phone", "public"."Settings"."whatsapp", "public"."Settings"."address", "public"."Settings"."instagram", "public"."Settings"."pinterest", "public"."Settings"."shopierUrl", "public"."Settings"."freeShippingThreshold", "public"."Settings"."orderNotifications", "public"."Settings"."stockAlerts", "public"."Settings"."newsletterNotifications", "public"."Settings"."maintenanceMode", "public"."Settings"."updatedAt" FROM "public"."Settings" WHERE ("public"."Settings"."id" = $1 AND 1=1) LIMIT $2 OFFSET $3
prisma:query DEALLOCATE ALL
prisma:query COMMIT
prisma:query BEGIN
prisma:query DEALLOCATE ALL
prisma:query BEGIN
prisma:query SELECT "public"."Settings"."id", "public"."Settings"."siteName", "public"."Settings"."siteDescription", "public"."Settings"."siteUrl", "public"."Settings"."seoKeywords", "public"."Settings"."email", "public"."Settings"."phone", "public"."Settings"."whatsapp", "public"."Settings"."address", "public"."Settings"."instagram", "public"."Settings"."pinterest", "public"."Settings"."shopierUrl", "public"."Settings"."freeShippingThreshold", "public"."Settings"."orderNotifications", "public"."Settings"."stockAlerts", "public"."Settings"."newsletterNotifications", "public"."Settings"."maintenanceMode", "public"."Settings"."updatedAt" FROM "public"."Settings" WHERE ("public"."Settings"."id" = $1 AND 1=1) LIMIT $2 OFFSET $3
prisma:query DEALLOCATE ALL
prisma:query COMMIT
prisma:query BEGIN
prisma:query SELECT "public"."Settings"."id", "public"."Settings"."siteName", "public"."Settings"."siteDescription", "public"."Settings"."siteUrl", "public"."Settings"."seoKeywords", "public"."Settings"."email", "public"."Settings"."phone", "public"."Settings"."whatsapp", "public"."Settings"."address", "public"."Settings"."instagram", "public"."Settings"."pinterest", "public"."Settings"."shopierUrl", "public"."Settings"."freeShippingThreshold", "public"."Settings"."orderNotifications", "public"."Settings"."stockAlerts", "public"."Settings"."newsletterNotifications", "public"."Settings"."maintenanceMode", "public"."Settings"."updatedAt" FROM "public"."Settings" WHERE ("public"."Settings"."id" = $1 AND 1=1) LIMIT $2 OFFSET $3
prisma:query DEALLOCATE ALL
prisma:query COMMIT
prisma:query BEGIN
prisma:query SELECT "public"."Category"."id", "public"."Category"."name", "public"."Category"."slug", "public"."Category"."description", "public"."Category"."parentId" FROM "public"."Category" WHERE ("public"."Category"."slug" = $1 AND 1=1) LIMIT $2 OFFSET $3
prisma:query DEALLOCATE ALL
prisma:query COMMIT
prisma:query BEGIN
prisma:query SELECT "public"."Category"."id", "public"."Category"."name", "public"."Category"."slug", "public"."Category"."description", "public"."Category"."parentId" FROM "public"."Category" WHERE ("public"."Category"."slug" = $1 AND 1=1) LIMIT $2 OFFSET $3
prisma:query DEALLOCATE ALL
prisma:query COMMIT
prisma:query SELECT "public"."Settings"."id", "public"."Settings"."siteName", "public"."Settings"."siteDescription", "public"."Settings"."siteUrl", "public"."Settings"."seoKeywords", "public"."Settings"."email", "public"."Settings"."phone", "public"."Settings"."whatsapp", "public"."Settings"."address", "public"."Settings"."instagram", "public"."Settings"."pinterest", "public"."Settings"."shopierUrl", "public"."Settings"."freeShippingThreshold", "public"."Settings"."orderNotifications", "public"."Settings"."stockAlerts", "public"."Settings"."newsletterNotifications", "public"."Settings"."maintenanceMode", "public"."Settings"."updatedAt" FROM "public"."Settings" WHERE ("public"."Settings"."id" = $1 AND 1=1) LIMIT $2 OFFSET $3
prisma:query BEGIN
prisma:query DEALLOCATE ALL
prisma:query SELECT "public"."Coupon"."id", "public"."Coupon"."code", "public"."Coupon"."discountType", "public"."Coupon"."discountValue", "public"."Coupon"."minAmount", "public"."Coupon"."startDate", "public"."Coupon"."endDate", "public"."Coupon"."usageLimit", "public"."Coupon"."usedCount", "public"."Coupon"."isActive", "public"."Coupon"."createdAt" FROM "public"."Coupon" WHERE 1=1 ORDER BY "public"."Coupon"."createdAt" DESC OFFSET $1
prisma:query COMMIT
prisma:query SELECT "public"."Settings"."id", "public"."Settings"."siteName", "public"."Settings"."siteDescription", "public"."Settings"."siteUrl", "public"."Settings"."seoKeywords", "public"."Settings"."email", "public"."Settings"."phone", "public"."Settings"."whatsapp", "public"."Settings"."address", "public"."Settings"."instagram", "public"."Settings"."pinterest", "public"."Settings"."shopierUrl", "public"."Settings"."freeShippingThreshold", "public"."Settings"."orderNotifications", "public"."Settings"."stockAlerts", "public"."Settings"."newsletterNotifications", "public"."Settings"."maintenanceMode", "public"."Settings"."updatedAt" FROM "public"."Settings" WHERE ("public"."Settings"."id" = $1 AND 1=1) LIMIT $2 OFFSET $3
prisma:query BEGIN
prisma:query BEGIN
prisma:query COMMIT
prisma:query DEALLOCATE ALL
prisma:query COMMIT
prisma:query DEALLOCATE ALL
prisma:query BEGIN
prisma:query BEGIN
prisma:query DEALLOCATE ALL
prisma:query DEALLOCATE ALL
prisma:query SELECT "public"."Settings"."id", "public"."Settings"."siteName", "public"."Settings"."siteDescription", "public"."Settings"."siteUrl", "public"."Settings"."seoKeywords", "public"."Settings"."email", "public"."Settings"."phone", "public"."Settings"."whatsapp", "public"."Settings"."address", "public"."Settings"."instagram", "public"."Settings"."pinterest", "public"."Settings"."shopierUrl", "public"."Settings"."freeShippingThreshold", "public"."Settings"."orderNotifications", "public"."Settings"."stockAlerts", "public"."Settings"."newsletterNotifications", "public"."Settings"."maintenanceMode", "public"."Settings"."updatedAt" FROM "public"."Settings" WHERE ("public"."Settings"."id" = $1 AND 1=1) LIMIT $2 OFFSET $3
prisma:query SELECT "public"."Settings"."id", "public"."Settings"."siteName", "public"."Settings"."siteDescription", "public"."Settings"."siteUrl", "public"."Settings"."seoKeywords", "public"."Settings"."email", "public"."Settings"."phone", "public"."Settings"."whatsapp", "public"."Settings"."address", "public"."Settings"."instagram", "public"."Settings"."pinterest", "public"."Settings"."shopierUrl", "public"."Settings"."freeShippingThreshold", "public"."Settings"."orderNotifications", "public"."Settings"."stockAlerts", "public"."Settings"."newsletterNotifications", "public"."Settings"."maintenanceMode", "public"."Settings"."updatedAt" FROM "public"."Settings" WHERE ("public"."Settings"."id" = $1 AND 1=1) LIMIT $2 OFFSET $3
prisma:query COMMIT
prisma:query SELECT "public"."Settings"."id", "public"."Settings"."siteName", "public"."Settings"."siteDescription", "public"."Settings"."siteUrl", "public"."Settings"."seoKeywords", "public"."Settings"."email", "public"."Settings"."phone", "public"."Settings"."whatsapp", "public"."Settings"."address", "public"."Settings"."instagram", "public"."Settings"."pinterest", "public"."Settings"."shopierUrl", "public"."Settings"."freeShippingThreshold", "public"."Settings"."orderNotifications", "public"."Settings"."stockAlerts", "public"."Settings"."newsletterNotifications", "public"."Settings"."maintenanceMode", "public"."Settings"."updatedAt" FROM "public"."Settings" WHERE ("public"."Settings"."id" = $1 AND 1=1) LIMIT $2 OFFSET $3
prisma:query BEGIN
prisma:query COMMIT
prisma:query COMMIT
prisma:query DEALLOCATE ALL
prisma:query SELECT "public"."Settings"."id", "public"."Settings"."siteName", "public"."Settings"."siteDescription", "public"."Settings"."siteUrl", "public"."Settings"."seoKeywords", "public"."Settings"."email", "public"."Settings"."phone", "public"."Settings"."whatsapp", "public"."Settings"."address", "public"."Settings"."instagram", "public"."Settings"."pinterest", "public"."Settings"."shopierUrl", "public"."Settings"."freeShippingThreshold", "public"."Settings"."orderNotifications", "public"."Settings"."stockAlerts", "public"."Settings"."newsletterNotifications", "public"."Settings"."maintenanceMode", "public"."Settings"."updatedAt" FROM "public"."Settings" WHERE ("public"."Settings"."id" = $1 AND 1=1) LIMIT $2 OFFSET $3
prisma:query BEGIN
prisma:query BEGIN
prisma:query COMMIT
prisma:query DEALLOCATE ALL
prisma:query DEALLOCATE ALL
prisma:query SELECT "public"."Settings"."id", "public"."Settings"."siteName", "public"."Settings"."siteDescription", "public"."Settings"."siteUrl", "public"."Settings"."seoKeywords", "public"."Settings"."email", "public"."Settings"."phone", "public"."Settings"."whatsapp", "public"."Settings"."address", "public"."Settings"."instagram", "public"."Settings"."pinterest", "public"."Settings"."shopierUrl", "public"."Settings"."freeShippingThreshold", "public"."Settings"."orderNotifications", "public"."Settings"."stockAlerts", "public"."Settings"."newsletterNotifications", "public"."Settings"."maintenanceMode", "public"."Settings"."updatedAt" FROM "public"."Settings" WHERE "public"."Settings"."id" IN ($1,$2) OFFSET $3
prisma:query BEGIN
prisma:query COMMIT
prisma:query DEALLOCATE ALL
prisma:query SELECT "public"."Category"."id", "public"."Category"."name", "public"."Category"."slug", "public"."Category"."description", "public"."Category"."parentId" FROM "public"."Category" WHERE ("public"."Category"."slug" = $1 AND 1=1) LIMIT $2 OFFSET $3
prisma:query SELECT "public"."Settings"."id", "public"."Settings"."siteName", "public"."Settings"."siteDescription", "public"."Settings"."siteUrl", "public"."Settings"."seoKeywords", "public"."Settings"."email", "public"."Settings"."phone", "public"."Settings"."whatsapp", "public"."Settings"."address", "public"."Settings"."instagram", "public"."Settings"."pinterest", "public"."Settings"."shopierUrl", "public"."Settings"."freeShippingThreshold", "public"."Settings"."orderNotifications", "public"."Settings"."stockAlerts", "public"."Settings"."newsletterNotifications", "public"."Settings"."maintenanceMode", "public"."Settings"."updatedAt" FROM "public"."Settings" WHERE ("public"."Settings"."id" = $1 AND 1=1) LIMIT $2 OFFSET $3
prisma:query BEGIN
prisma:query COMMIT
prisma:query COMMIT
prisma:query DEALLOCATE ALL
Error occurred prerendering page "/admin/blog/new". Read more:
 https://nextjs.org/docs/messages/prerender-error
Error: CRITICAL: Missing environment variables: TELEGRAM_BOT_T
OKEN, TELEGRAM_CHAT_ID
    at S (C:\Users\yasin\OneDrive\Masa├╝st├╝\tsuko\.next\serve
r\chunks\ssr\[root-of-the-server]__74a151e1._.js:1:108534)
    at stringify (<anonymous>) {
  digest: '901415053'
}
Export encountered an error on /admin/blog/new/page: /admin/bl
og/new, exiting the build.
prisma:query SELECT "public"."Settings"."id", "public"."Settings"."siteName", "public"."Settings"."siteDescription", "public"."Settings"."siteUrl", "public"."Settings"."seoKeywords", "public"."Settings"."email", "public"."Settings"."phone", "public"."Settings"."whatsapp", "public"."Settings"."address", "public"."Settings"."instagram", "public"."Settings"."pinterest", "public"."Settings"."shopierUrl", "public"."Settings"."freeShippingThreshold", "public"."Settings"."orderNotifications", "public"."Settings"."stockAlerts", "public"."Settings"."newsletterNotifications", "public"."Settings"."maintenanceMode", "public"."Settings"."updatedAt" FROM "public"."Settings" WHERE ("public"."Settings"."id" = $1 AND 1=1) LIMIT $2 OFFSET $3
prisma:query BEGIN
prisma:query COMMIT
prisma:query DEALLOCATE ALL
Ô¿» Next.js build worker exited with code: 1 and signal: null
