.next/dev/types/validator.ts(495,31): error TS2344: Type 'typeof import("C:/Users/yasin/OneDrive/Masa\u00FCst\u00FC/tsuko/src/app/api/blog/[id]/route")' does not satisfy the constraint 'RouteHandlerConfig<"/api/blog/[id]">'.
  Types of property 'GET' are incompatible.
    Type '(request: Request, { params }: { params: { id: string; }; }) => Promise<NextResponse<{ error: string; }> | NextResponse<{ post: { category: string; id: string; slug: string; seoTitle: string; createdAt: Date; ... 8 more ...; published: boolean; }; }>>' is not assignable to type '(request: NextRequest, context: { params: Promise<{ id: string; }>; }) => void | Response | Promise<void | Response>'.
      Types of parameters '__1' and 'context' are incompatible.
        Type '{ params: Promise<{ id: string; }>; }' is not assignable to type '{ params: { id: string; }; }'.
          Types of property 'params' are incompatible.
            Property 'id' is missing in type 'Promise<{ id: string; }>' but required in type '{ id: string; }'.
.next/types/validator.ts(495,31): error TS2344: Type 'typeof import("C:/Users/yasin/OneDrive/Masa\u00FCst\u00FC/tsuko/src/app/api/blog/[id]/route")' does not satisfy the constraint 'RouteHandlerConfig<"/api/blog/[id]">'.
  Types of property 'GET' are incompatible.
    Type '(request: Request, { params }: { params: { id: string; }; }) => Promise<NextResponse<{ error: string; }> | NextResponse<{ post: { category: string; id: string; slug: string; seoTitle: string; createdAt: Date; ... 8 more ...; published: boolean; }; }>>' is not assignable to type '(request: NextRequest, context: { params: Promise<{ id: string; }>; }) => void | Response | Promise<void | Response>'.
      Types of parameters '__1' and 'context' are incompatible.
        Type '{ params: Promise<{ id: string; }>; }' is not assignable to type '{ params: { id: string; }; }'.
          Types of property 'params' are incompatible.
            Property 'id' is missing in type 'Promise<{ id: string; }>' but required in type '{ id: string; }'.
src/app/api/admin/settings/route.ts(49,9): error TS2554: Expected 2 arguments, but got 1.
src/components/product-3d-viewer.tsx(30,17): error TS2339: Property 'model-viewer' does not exist on type 'JSX.IntrinsicElements'.
src/components/product-3d-viewer.tsx(54,17): error TS2339: Property 'model-viewer' does not exist on type 'JSX.IntrinsicElements'.
